en-keyphrase.list
en-small.dic
en-us-ptm/README
en-us-ptm/feat.params
en-us-ptm/mdef
en-us-ptm/means
en-us-ptm/noisedict
en-us-ptm/sendump
en-us-ptm/transition_matrices
en-us-ptm/variances
non_use/en/cmudict-en-us.dict
non_use/en/en-keyphrase.list
non_use/en/en-small.dic
non_use/tai/tai_mix.dic
non_use/tai/tai_mix.lm.bin
non_use/zh-cn/feat.params
non_use/zh-cn/feature_transform
non_use/zh-cn/mdef
non_use/zh-cn/means
non_use/zh-cn/mixture_weights
non_use/zh-cn/noisedict
non_use/zh-cn/transition_matrices
non_use/zh-cn/variances
non_use/zh/zh-small.dic
non_use/zh/zh-small.lm
non_use/zh/zh_cn.cut.dic
non_use/zh/zh_cn.dic
non_use/zh/zh_cn.lm.bin
non_use/zh/zh_keyphrase.dic
tai_mix.ci_cont/feat.params
tai_mix.ci_cont/mdef
tai_mix.ci_cont/means
tai_mix.ci_cont/mixture_weights
tai_mix.ci_cont/noisedict
tai_mix.ci_cont/transition_matrices
tai_mix.ci_cont/variances
tw400.ci_cont/feat.params
tw400.ci_cont/mdef
tw400.ci_cont/means
tw400.ci_cont/mixture_weights
tw400.ci_cont/noisedict
tw400.ci_cont/transition_matrices
tw400.ci_cont/variances
tw400.dic
tw_keyphrase.list
zh3000-woNum.ci_cont/feat.params
zh3000-woNum.ci_cont/mdef
zh3000-woNum.ci_cont/means
zh3000-woNum.ci_cont/mixture_weights
zh3000-woNum.ci_cont/noisedict
zh3000-woNum.ci_cont/transition_matrices
zh3000-woNum.ci_cont/variances
zh3000.ci_cont/feat.params
zh3000.ci_cont/mdef
zh3000.ci_cont/means
zh3000.ci_cont/mixture_weights
zh3000.ci_cont/noisedict
zh3000.ci_cont/transition_matrices
zh3000.ci_cont/variances
zh3000.ci_cont_txt/zh3000-woNum.dic
zh3000.ci_cont_txt/zh3000.dic
zh3000.ci_cont_txt/zh_cn.dic
zh3000.ci_cont_txt/zh_keyphrase.list
zh3000.dic
zh_cn.cd_cont_5000/feat.params
zh_cn.cd_cont_5000/feature_transform
zh_cn.cd_cont_5000/mdef
zh_cn.cd_cont_5000/means
zh_cn.cd_cont_5000/mixture_weights
zh_cn.cd_cont_5000/noisedict
zh_cn.cd_cont_5000/transition_matrices
zh_cn.cd_cont_5000/variances
zh_keyphrase.list